\BOOKMARK [1][-]{section.1}{\376\377\000S\000e\000c\000t\000i\000o\000n\0001}{}% 1
\BOOKMARK [2][-]{subsection.1.1}{\376\377\000S\000u\000b\000S\000e\000c\000t\000i\000o\000n\0001}{section.1}% 2
\BOOKMARK [3][-]{subsubsection.1.1.1}{\376\377\000S\000u\000b\000S\000u\000b\000S\000e\000c\000t\000i\000o\000n\0001}{subsection.1.1}% 3
\BOOKMARK [1][-]{section.2}{\376\377\000S\000e\000c\000t\000i\000o\000n\0002}{}% 4
\BOOKMARK [2][-]{subsection.2.1}{\376\377\000S\000u\000b\000S\000e\000c\000t\000i\000o\000n\0002}{section.2}% 5
\BOOKMARK [3][-]{subsubsection.2.1.1}{\376\377\000S\000u\000b\000S\000u\000b\000S\000e\000c\000t\000i\000o\000n\0002}{subsection.2.1}% 6
\BOOKMARK [1][-]{section.3}{\376\377\000S\000e\000c\000t\000i\000o\000n\0003}{}% 7
\BOOKMARK [2][-]{subsection.3.1}{\376\377\000S\000u\000b\000S\000e\000c\000t\000i\000o\000n\0003}{section.3}% 8
\BOOKMARK [3][-]{subsubsection.3.1.1}{\376\377\000S\000u\000b\000S\000u\000b\000S\000e\000c\000t\000i\000o\000n\0003}{subsection.3.1}% 9
\BOOKMARK [1][-]{section.4}{\376\377\000C\000o\000r\000n\000e\000r\000i\000n\000g}{}% 10
\BOOKMARK [2][-]{subsection.4.1}{\376\377\000s\000u\000b}{section.4}% 11
